\BOOKMARK [1][-]{section.1}{\376\377\000I\000n\000t\000r\000o\000d\000u\000c\000t\000i\000o\000n}{}% 1
\BOOKMARK [1][-]{section.2}{\376\377\000R\000e\000l\000a\000t\000e\000d\000\040\000W\000o\000r\000k}{}% 2
\BOOKMARK [1][-]{section.3}{\376\377\000M\000e\000t\000h\000o\000d}{}% 3
\BOOKMARK [2][-]{subsection.3.1}{\376\377\000P\000r\000o\000b\000l\000e\000m\000\040\000F\000o\000r\000m\000u\000l\000a\000t\000i\000o\000n}{section.3}% 4
\BOOKMARK [2][-]{subsection.3.2}{\376\377\000P\000i\000p\000e\000l\000i\000n\000e\000\040\000O\000v\000e\000r\000v\000i\000e\000w}{section.3}% 5
\BOOKMARK [2][-]{subsection.3.3}{\376\377\000S\000y\000m\000b\000o\000l\000i\000c\000\040\000F\000O\000L\000\040\000M\000o\000d\000e\000l\000\040\000C\000h\000e\000c\000k\000e\000r}{section.3}% 6
\BOOKMARK [2][-]{subsection.3.4}{\376\377\000I\000m\000p\000l\000e\000m\000e\000n\000t\000a\000t\000i\000o\000n\000\040\000D\000e\000t\000a\000i\000l\000s}{section.3}% 7
\BOOKMARK [1][-]{section.4}{\376\377\000E\000x\000p\000e\000r\000i\000m\000e\000n\000t\000s}{}% 8
\BOOKMARK [2][-]{subsection.4.1}{\376\377\000E\000x\000p\000e\000r\000i\000m\000e\000n\000t\000\040\0001\000:\000\040\000F\000O\000L\000I\000O\000\040\000B\000e\000n\000c\000h\000m\000a\000r\000k}{section.4}% 9
\BOOKMARK [3][-]{subsubsection.4.1.1}{\376\377\000D\000a\000t\000a\000s\000e\000t\000\040\000a\000n\000d\000\040\000S\000e\000t\000u\000p}{subsection.4.1}% 10
\BOOKMARK [3][-]{subsubsection.4.1.2}{\376\377\000P\000h\000a\000s\000e\000\040\0000\000:\000\040\000B\000e\000a\000m\000\040\000R\000e\000c\000a\000l\000l\000\040\000A\000n\000a\000l\000y\000s\000i\000s}{subsection.4.1}% 11
\BOOKMARK [3][-]{subsubsection.4.1.3}{\376\377\000P\000h\000a\000s\000e\000\040\0001\000:\000\040\000O\000r\000a\000c\000l\000e\000\040\000C\000a\000l\000i\000b\000r\000a\000t\000i\000o\000n}{subsection.4.1}% 12
\BOOKMARK [3][-]{subsubsection.4.1.4}{\376\377\000M\000a\000i\000n\000\040\000R\000e\000s\000u\000l\000t\000s}{subsection.4.1}% 13
\BOOKMARK [3][-]{subsubsection.4.1.5}{\376\377\000D\000i\000s\000c\000r\000i\000m\000i\000n\000a\000t\000i\000v\000e\000\040\000S\000i\000g\000n\000a\000l\000\040\000A\000n\000a\000l\000y\000s\000i\000s}{subsection.4.1}% 14
\BOOKMARK [2][-]{subsection.4.2}{\376\377\000E\000x\000p\000e\000r\000i\000m\000e\000n\000t\000\040\0002\000:\000\040\000S\000y\000n\000t\000h\000e\000t\000i\000c\000\040\000B\000e\000n\000c\000h\000m\000a\000r\000k\000\040\000w\000i\000t\000h\000\040\000H\000i\000g\000h\000\040\000B\000e\000a\000m\000\040\000R\000e\000c\000a\000l\000l}{section.4}% 15
\BOOKMARK [3][-]{subsubsection.4.2.1}{\376\377\000M\000o\000t\000i\000v\000a\000t\000i\000o\000n\000\040\000a\000n\000d\000\040\000S\000e\000t\000u\000p}{subsection.4.2}% 16
\BOOKMARK [3][-]{subsubsection.4.2.2}{\376\377\000B\000e\000a\000m\000\040\000R\000e\000c\000a\000l\000l\000\040\000a\000n\000d\000\040\000O\000r\000a\000c\000l\000e\000\040\000A\000c\000c\000u\000r\000a\000c\000y}{subsection.4.2}% 17
\BOOKMARK [3][-]{subsubsection.4.2.3}{\376\377\000R\000e\000s\000u\000l\000t\000s}{subsection.4.2}% 18
\BOOKMARK [1][-]{section.5}{\376\377\000D\000i\000s\000c\000u\000s\000s\000i\000o\000n}{}% 19
\BOOKMARK [2][-]{subsection.5.1}{\376\377\000T\000h\000e\000\040\000T\000w\000o\000-\000R\000e\000g\000i\000m\000e\000\040\000P\000i\000c\000t\000u\000r\000e}{section.5}% 20
\BOOKMARK [2][-]{subsection.5.2}{\376\377\000W\000h\000y\000\040\000t\000h\000e\000\040\000H\000e\000t\000e\000r\000o\000g\000e\000n\000e\000i\000t\000y\000\040\000H\000y\000p\000o\000t\000h\000e\000s\000i\000s\000\040\000D\000i\000d\000\040\000N\000o\000t\000\040\000H\000o\000l\000d}{section.5}% 21
\BOOKMARK [2][-]{subsection.5.3}{\376\377\000L\000i\000m\000i\000t\000a\000t\000i\000o\000n\000s}{section.5}% 22
\BOOKMARK [1][-]{section.6}{\376\377\000C\000o\000n\000c\000l\000u\000s\000i\000o\000n}{}% 23
